Traceback (most recent call last):
  File "/usr/share/miniconda3/envs/cryocloud/lib/python3.9/site-packages/jupyter_cache/executors/utils.py", line 51, in single_nb_execution
    executenb(
  File "/usr/share/miniconda3/envs/cryocloud/lib/python3.9/site-packages/nbclient/client.py", line 1204, in execute
    return NotebookClient(nb=nb, resources=resources, km=km, **kwargs).execute()
  File "/usr/share/miniconda3/envs/cryocloud/lib/python3.9/site-packages/nbclient/util.py", line 84, in wrapped
    return just_run(coro(*args, **kwargs))
  File "/usr/share/miniconda3/envs/cryocloud/lib/python3.9/site-packages/nbclient/util.py", line 62, in just_run
    return loop.run_until_complete(coro)
  File "/usr/share/miniconda3/envs/cryocloud/lib/python3.9/asyncio/base_events.py", line 647, in run_until_complete
    return future.result()
  File "/usr/share/miniconda3/envs/cryocloud/lib/python3.9/site-packages/nbclient/client.py", line 663, in async_execute
    await self.async_execute_cell(
  File "/usr/share/miniconda3/envs/cryocloud/lib/python3.9/site-packages/nbclient/client.py", line 965, in async_execute_cell
    await self._check_raise_for_error(cell, cell_index, exec_reply)
  File "/usr/share/miniconda3/envs/cryocloud/lib/python3.9/site-packages/nbclient/client.py", line 862, in _check_raise_for_error
    raise CellExecutionError.from_cell_and_msg(cell, exec_reply_content)
nbclient.exceptions.CellExecutionError: An error occurred while executing the following cell:
------------------
# For searching and accessing NASA data
import earthaccess

# For reading data, analysis and plotting
import xarray as xr
import hvplot.xarray

import pprint  # For nice printing of python objects
------------------

[0;31m---------------------------------------------------------------------------[0m
[0;31mValueError[0m                                Traceback (most recent call last)
Cell [0;32mIn [1], line 6[0m
[1;32m      4[0m [38;5;66;03m# For reading data, analysis and plotting[39;00m
[1;32m      5[0m [38;5;28;01mimport[39;00m [38;5;21;01mxarray[39;00m [38;5;28;01mas[39;00m [38;5;21;01mxr[39;00m
[0;32m----> 6[0m [38;5;28;01mimport[39;00m [38;5;21;01mhvplot[39;00m[38;5;21;01m.[39;00m[38;5;21;01mxarray[39;00m
[1;32m      8[0m [38;5;28;01mimport[39;00m [38;5;21;01mpprint[39;00m  [38;5;66;03m# For nice printing of python objects[39;00m

File [0;32m/usr/share/miniconda3/envs/cryocloud/lib/python3.9/site-packages/hvplot/__init__.py:70[0m
[1;32m     66[0m [38;5;28;01mimport[39;00m [38;5;21;01mholoviews[39;00m [38;5;28;01mas[39;00m [38;5;21;01m_hv[39;00m
[1;32m     68[0m [38;5;28;01mfrom[39;00m [38;5;21;01mholoviews[39;00m [38;5;28;01mimport[39;00m Store, render  [38;5;66;03m# noqa[39;00m
[0;32m---> 70[0m [38;5;28;01mfrom[39;00m [38;5;21;01m.[39;00m[38;5;21;01mconverter[39;00m [38;5;28;01mimport[39;00m HoloViewsConverter
[1;32m     71[0m [38;5;28;01mfrom[39;00m [38;5;21;01m.[39;00m[38;5;21;01minteractive[39;00m [38;5;28;01mimport[39;00m Interactive
[1;32m     72[0m [38;5;28;01mfrom[39;00m [38;5;21;01m.[39;00m[38;5;21;01mui[39;00m [38;5;28;01mimport[39;00m explorer  [38;5;66;03m# noqa[39;00m

File [0;32m/usr/share/miniconda3/envs/cryocloud/lib/python3.9/site-packages/hvplot/converter.py:23[0m
[1;32m     16[0m [38;5;28;01mfrom[39;00m [38;5;21;01mholoviews[39;00m[38;5;21;01m.[39;00m[38;5;21;01mcore[39;00m[38;5;21;01m.[39;00m[38;5;21;01mutil[39;00m [38;5;28;01mimport[39;00m max_range
[1;32m     17[0m [38;5;28;01mfrom[39;00m [38;5;21;01mholoviews[39;00m[38;5;21;01m.[39;00m[38;5;21;01melement[39;00m [38;5;28;01mimport[39;00m (
[1;32m     18[0m     Curve, Scatter, Area, Bars, BoxWhisker, Dataset, Distribution,
[1;32m     19[0m     Table, HeatMap, Image, HexTiles, QuadMesh, Bivariate, Histogram,
[1;32m     20[0m     Violin, Contours, Polygons, Points, Path, Labels, RGB, ErrorBars,
[1;32m     21[0m     VectorField, Rectangles, Segments
[1;32m     22[0m )
[0;32m---> 23[0m [38;5;28;01mfrom[39;00m [38;5;21;01mholoviews[39;00m[38;5;21;01m.[39;00m[38;5;21;01mplotting[39;00m[38;5;21;01m.[39;00m[38;5;21;01mbokeh[39;00m [38;5;28;01mimport[39;00m OverlayPlot, colormap_generator
[1;32m     24[0m [38;5;28;01mfrom[39;00m [38;5;21;01mholoviews[39;00m[38;5;21;01m.[39;00m[38;5;21;01mplotting[39;00m[38;5;21;01m.[39;00m[38;5;21;01mutil[39;00m [38;5;28;01mimport[39;00m process_cmap
[1;32m     25[0m [38;5;28;01mfrom[39;00m [38;5;21;01mholoviews[39;00m[38;5;21;01m.[39;00m[38;5;21;01moperation[39;00m [38;5;28;01mimport[39;00m histogram

File [0;32m/usr/share/miniconda3/envs/cryocloud/lib/python3.9/site-packages/holoviews/plotting/bokeh/__init__.py:38[0m
[1;32m     36[0m [38;5;28;01mfrom[39;00m [38;5;21;01m.[39;00m[38;5;21;01mgraphs[39;00m [38;5;28;01mimport[39;00m GraphPlot, NodePlot, TriMeshPlot, ChordPlot
[1;32m     37[0m [38;5;28;01mfrom[39;00m [38;5;21;01m.[39;00m[38;5;21;01mheatmap[39;00m [38;5;28;01mimport[39;00m HeatMapPlot, RadialHeatMapPlot
[0;32m---> 38[0m [38;5;28;01mfrom[39;00m [38;5;21;01m.[39;00m[38;5;21;01mhex_tiles[39;00m [38;5;28;01mimport[39;00m HexTilesPlot
[1;32m     39[0m [38;5;28;01mfrom[39;00m [38;5;21;01m.[39;00m[38;5;21;01mlinks[39;00m [38;5;28;01mimport[39;00m LinkCallback [38;5;66;03m# noqa (API import)[39;00m
[1;32m     40[0m [38;5;28;01mfrom[39;00m [38;5;21;01m.[39;00m[38;5;21;01mpath[39;00m [38;5;28;01mimport[39;00m PathPlot, PolygonPlot, ContourPlot

File [0;32m/usr/share/miniconda3/envs/cryocloud/lib/python3.9/site-packages/holoviews/plotting/bokeh/hex_tiles.py:21[0m
[1;32m     17[0m [38;5;28;01mfrom[39;00m [38;5;21;01m.[39;00m[38;5;21;01mselection[39;00m [38;5;28;01mimport[39;00m BokehOverlaySelectionDisplay
[1;32m     18[0m [38;5;28;01mfrom[39;00m [38;5;21;01m.[39;00m[38;5;21;01mstyles[39;00m [38;5;28;01mimport[39;00m base_properties, line_properties, fill_properties
[0;32m---> 21[0m [38;5;28;01mclass[39;00m [38;5;21;01mhex_binning[39;00m(Operation):
[1;32m     22[0m     [38;5;124;03m"""[39;00m
[1;32m     23[0m [38;5;124;03m    Applies hex binning by computing aggregates on a hexagonal grid.[39;00m
[1;32m     24[0m 
[1;32m     25[0m [38;5;124;03m    Should not be user facing as the returned element is not directly[39;00m
[1;32m     26[0m [38;5;124;03m    useable.[39;00m
[1;32m     27[0m [38;5;124;03m    """[39;00m
[1;32m     29[0m     aggregator [38;5;241m=[39m param[38;5;241m.[39mClassSelector(
[1;32m     30[0m         default[38;5;241m=[39mnp[38;5;241m.[39msize, class_[38;5;241m=[39m(types[38;5;241m.[39mFunctionType, [38;5;28mtuple[39m), doc[38;5;241m=[39m[38;5;124m"""[39m
[1;32m     31[0m [38;5;124m      Aggregation function or dimension transform used to compute bin[39m
[1;32m     32[0m [38;5;124m      values. Defaults to np.size to count the number of values[39m
[1;32m     33[0m [38;5;124m      in each bin.[39m[38;5;124m"""[39m)

File [0;32m/usr/share/miniconda3/envs/cryocloud/lib/python3.9/site-packages/holoviews/plotting/bokeh/hex_tiles.py:29[0m, in [0;36mhex_binning[0;34m()[0m
[1;32m     21[0m [38;5;28;01mclass[39;00m [38;5;21;01mhex_binning[39;00m(Operation):
[1;32m     22[0m     [38;5;124;03m"""[39;00m
[1;32m     23[0m [38;5;124;03m    Applies hex binning by computing aggregates on a hexagonal grid.[39;00m
[1;32m     24[0m 
[1;32m     25[0m [38;5;124;03m    Should not be user facing as the returned element is not directly[39;00m
[1;32m     26[0m [38;5;124;03m    useable.[39;00m
[1;32m     27[0m [38;5;124;03m    """[39;00m
[0;32m---> 29[0m     aggregator [38;5;241m=[39m [43mparam[49m[38;5;241;43m.[39;49m[43mClassSelector[49m[43m([49m
[1;32m     30[0m [43m        [49m[43mdefault[49m[38;5;241;43m=[39;49m[43mnp[49m[38;5;241;43m.[39;49m[43msize[49m[43m,[49m[43m [49m[43mclass_[49m[38;5;241;43m=[39;49m[43m([49m[43mtypes[49m[38;5;241;43m.[39;49m[43mFunctionType[49m[43m,[49m[43m [49m[38;5;28;43mtuple[39;49m[43m)[49m[43m,[49m[43m [49m[43mdoc[49m[38;5;241;43m=[39;49m[38;5;124;43m"""[39;49m
[1;32m     31[0m [38;5;124;43m      Aggregation function or dimension transform used to compute bin[39;49m
[1;32m     32[0m [38;5;124;43m      values. Defaults to np.size to count the number of values[39;49m
[1;32m     33[0m [38;5;124;43m      in each bin.[39;49m[38;5;124;43m"""[39;49m[43m)[49m
[1;32m     35[0m     gridsize [38;5;241m=[39m param[38;5;241m.[39mClassSelector(default[38;5;241m=[39m[38;5;241m50[39m, class_[38;5;241m=[39m([38;5;28mint[39m, [38;5;28mtuple[39m))
[1;32m     37[0m     invert_axes [38;5;241m=[39m param[38;5;241m.[39mBoolean(default[38;5;241m=[39m[38;5;28;01mFalse[39;00m)

File [0;32m/usr/share/miniconda3/envs/cryocloud/lib/python3.9/site-packages/param/__init__.py:1331[0m, in [0;36mClassSelector.__init__[0;34m(self, class_, default, instantiate, is_instance, **params)[0m
[1;32m   1329[0m [38;5;28mself[39m[38;5;241m.[39mis_instance [38;5;241m=[39m is_instance
[1;32m   1330[0m [38;5;28msuper[39m(ClassSelector,[38;5;28mself[39m)[38;5;241m.[39m[38;5;21m__init__[39m(default[38;5;241m=[39mdefault,instantiate[38;5;241m=[39minstantiate,[38;5;241m*[39m[38;5;241m*[39mparams)
[0;32m-> 1331[0m [38;5;28;43mself[39;49m[38;5;241;43m.[39;49m[43m_validate[49m[43m([49m[43mdefault[49m[43m)[49m

File [0;32m/usr/share/miniconda3/envs/cryocloud/lib/python3.9/site-packages/param/__init__.py:1335[0m, in [0;36mClassSelector._validate[0;34m(self, val)[0m
[1;32m   1333[0m [38;5;28;01mdef[39;00m [38;5;21m_validate[39m([38;5;28mself[39m, val):
[1;32m   1334[0m     [38;5;28msuper[39m(ClassSelector, [38;5;28mself[39m)[38;5;241m.[39m_validate(val)
[0;32m-> 1335[0m     [38;5;28;43mself[39;49m[38;5;241;43m.[39;49m[43m_validate_class_[49m[43m([49m[43mval[49m[43m,[49m[43m [49m[38;5;28;43mself[39;49m[38;5;241;43m.[39;49m[43mclass_[49m[43m,[49m[43m [49m[38;5;28;43mself[39;49m[38;5;241;43m.[39;49m[43mis_instance[49m[43m)[49m

File [0;32m/usr/share/miniconda3/envs/cryocloud/lib/python3.9/site-packages/param/__init__.py:1347[0m, in [0;36mClassSelector._validate_class_[0;34m(self, val, class_, is_instance)[0m
[1;32m   1345[0m [38;5;28;01mif[39;00m is_instance:
[1;32m   1346[0m     [38;5;28;01mif[39;00m [38;5;129;01mnot[39;00m ([38;5;28misinstance[39m(val, class_)):
[0;32m-> 1347[0m         [38;5;28;01mraise[39;00m [38;5;167;01mValueError[39;00m(
[1;32m   1348[0m             [38;5;124m"[39m[38;5;132;01m%s[39;00m[38;5;124m parameter [39m[38;5;132;01m%r[39;00m[38;5;124m value must be an instance of [39m[38;5;132;01m%s[39;00m[38;5;124m, not [39m[38;5;132;01m%r[39;00m[38;5;124m.[39m[38;5;124m"[39m [38;5;241m%[39m
[1;32m   1349[0m             (param_cls, [38;5;28mself[39m[38;5;241m.[39mname, class_name, val))
[1;32m   1350[0m [38;5;28;01melse[39;00m:
[1;32m   1351[0m     [38;5;28;01mif[39;00m [38;5;129;01mnot[39;00m ([38;5;28missubclass[39m(val, class_)):

[0;31mValueError[0m: ClassSelector parameter None value must be an instance of (function, tuple), not <function size at 0x7f0740b6ef70>.
ValueError: ClassSelector parameter None value must be an instance of (function, tuple), not <function size at 0x7f0740b6ef70>.

