Traceback (most recent call last):
  File "/usr/share/miniconda3/envs/cryocloud/lib/python3.9/site-packages/jupyter_cache/executors/utils.py", line 51, in single_nb_execution
    executenb(
  File "/usr/share/miniconda3/envs/cryocloud/lib/python3.9/site-packages/nbclient/client.py", line 1204, in execute
    return NotebookClient(nb=nb, resources=resources, km=km, **kwargs).execute()
  File "/usr/share/miniconda3/envs/cryocloud/lib/python3.9/site-packages/nbclient/util.py", line 84, in wrapped
    return just_run(coro(*args, **kwargs))
  File "/usr/share/miniconda3/envs/cryocloud/lib/python3.9/site-packages/nbclient/util.py", line 62, in just_run
    return loop.run_until_complete(coro)
  File "/usr/share/miniconda3/envs/cryocloud/lib/python3.9/asyncio/base_events.py", line 647, in run_until_complete
    return future.result()
  File "/usr/share/miniconda3/envs/cryocloud/lib/python3.9/site-packages/nbclient/client.py", line 663, in async_execute
    await self.async_execute_cell(
  File "/usr/share/miniconda3/envs/cryocloud/lib/python3.9/site-packages/nbclient/client.py", line 965, in async_execute_cell
    await self._check_raise_for_error(cell, cell_index, exec_reply)
  File "/usr/share/miniconda3/envs/cryocloud/lib/python3.9/site-packages/nbclient/client.py", line 862, in _check_raise_for_error
    raise CellExecutionError.from_cell_and_msg(cell, exec_reply_content)
nbclient.exceptions.CellExecutionError: An error occurred while executing the following cell:
------------------
# Created a colormap for classified photons
cmap = ListedColormap(['lightgrey', 'saddlebrown', 'lightgreen', 'darkgreen'])

# Assign flag_meanings to labels to be used in legend
labels = gt3r.classed_pc_flag.attrs["flag_meanings"].split()

fig, ax = plt.subplots(figsize=(12,7))

m = gt3r.plot.scatter(x='delta_time', y='ph_h', hue='classed_pc_flag', 
                      s=20,  cmap=cmap,
                      add_legend=False, add_colorbar=False,
                      ax=ax)

handles, old_labels = m.legend_elements()  # Get the legend elements so that labels can be modified
ax.legend(handles, labels)

ax.set_title("Classified Photons")
ax.set_ylabel('Height above the ground (m)', size=12)
------------------

[0;31m---------------------------------------------------------------------------[0m
[0;31mValueError[0m                                Traceback (most recent call last)
Cell [0;32mIn [21], line 14[0m
[1;32m      7[0m fig, ax [38;5;241m=[39m plt[38;5;241m.[39msubplots(figsize[38;5;241m=[39m([38;5;241m12[39m,[38;5;241m7[39m))
[1;32m      9[0m m [38;5;241m=[39m gt3r[38;5;241m.[39mplot[38;5;241m.[39mscatter(x[38;5;241m=[39m[38;5;124m'[39m[38;5;124mdelta_time[39m[38;5;124m'[39m, y[38;5;241m=[39m[38;5;124m'[39m[38;5;124mph_h[39m[38;5;124m'[39m, hue[38;5;241m=[39m[38;5;124m'[39m[38;5;124mclassed_pc_flag[39m[38;5;124m'[39m, 
[1;32m     10[0m                       s[38;5;241m=[39m[38;5;241m20[39m,  cmap[38;5;241m=[39mcmap,
[1;32m     11[0m                       add_legend[38;5;241m=[39m[38;5;28;01mFalse[39;00m, add_colorbar[38;5;241m=[39m[38;5;28;01mFalse[39;00m,
[1;32m     12[0m                       ax[38;5;241m=[39max)
[0;32m---> 14[0m handles, old_labels [38;5;241m=[39m [43mm[49m[38;5;241;43m.[39;49m[43mlegend_elements[49m[43m([49m[43m)[49m  [38;5;66;03m# Get the legend elements so that labels can be modified[39;00m
[1;32m     15[0m ax[38;5;241m.[39mlegend(handles, labels)
[1;32m     17[0m ax[38;5;241m.[39mset_title([38;5;124m"[39m[38;5;124mClassified Photons[39m[38;5;124m"[39m)

File [0;32m/usr/share/miniconda3/envs/cryocloud/lib/python3.9/site-packages/matplotlib/collections.py:1144[0m, in [0;36mPathCollection.legend_elements[0;34m(self, prop, num, fmt, func, **kwargs)[0m
[1;32m   1142[0m handles[38;5;241m.[39mappend(h)
[1;32m   1143[0m [38;5;28;01mif[39;00m [38;5;28mhasattr[39m(fmt, [38;5;124m"[39m[38;5;124mset_locs[39m[38;5;124m"[39m):
[0;32m-> 1144[0m     [43mfmt[49m[38;5;241;43m.[39;49m[43mset_locs[49m[43m([49m[43mlabel_values[49m[43m)[49m
[1;32m   1145[0m l [38;5;241m=[39m fmt(lab)
[1;32m   1146[0m labels[38;5;241m.[39mappend(l)

File [0;32m/usr/share/miniconda3/envs/cryocloud/lib/python3.9/site-packages/matplotlib/ticker.py:718[0m, in [0;36mScalarFormatter.set_locs[0;34m(self, locs)[0m
[1;32m    716[0m     [38;5;28mself[39m[38;5;241m.[39m_compute_offset()
[1;32m    717[0m [38;5;28mself[39m[38;5;241m.[39m_set_order_of_magnitude()
[0;32m--> 718[0m [38;5;28;43mself[39;49m[38;5;241;43m.[39;49m[43m_set_format[49m[43m([49m[43m)[49m

File [0;32m/usr/share/miniconda3/envs/cryocloud/lib/python3.9/site-packages/matplotlib/ticker.py:811[0m, in [0;36mScalarFormatter._set_format[0;34m(self)[0m
[1;32m    808[0m [38;5;28;01mif[39;00m [38;5;28mlen[39m([38;5;28mself[39m[38;5;241m.[39mlocs) [38;5;241m<[39m [38;5;241m2[39m:
[1;32m    809[0m     [38;5;66;03m# We needed the end points only for the loc_range calculation.[39;00m
[1;32m    810[0m     locs [38;5;241m=[39m locs[:[38;5;241m-[39m[38;5;241m2[39m]
[0;32m--> 811[0m loc_range_oom [38;5;241m=[39m [38;5;28mint[39m([43mmath[49m[38;5;241;43m.[39;49m[43mfloor[49m[43m([49m[43mmath[49m[38;5;241;43m.[39;49m[43mlog10[49m[43m([49m[43mloc_range[49m[43m)[49m[43m)[49m)
[1;32m    812[0m [38;5;66;03m# first estimate:[39;00m
[1;32m    813[0m sigfigs [38;5;241m=[39m [38;5;28mmax[39m([38;5;241m0[39m, [38;5;241m3[39m [38;5;241m-[39m loc_range_oom)

[0;31mValueError[0m: cannot convert float NaN to integer
ValueError: cannot convert float NaN to integer

