Traceback (most recent call last):
  File "/usr/share/miniconda3/envs/cryocloud/lib/python3.9/site-packages/jupyter_cache/executors/utils.py", line 51, in single_nb_execution
    executenb(
  File "/usr/share/miniconda3/envs/cryocloud/lib/python3.9/site-packages/nbclient/client.py", line 1204, in execute
    return NotebookClient(nb=nb, resources=resources, km=km, **kwargs).execute()
  File "/usr/share/miniconda3/envs/cryocloud/lib/python3.9/site-packages/nbclient/util.py", line 84, in wrapped
    return just_run(coro(*args, **kwargs))
  File "/usr/share/miniconda3/envs/cryocloud/lib/python3.9/site-packages/nbclient/util.py", line 62, in just_run
    return loop.run_until_complete(coro)
  File "/usr/share/miniconda3/envs/cryocloud/lib/python3.9/asyncio/base_events.py", line 647, in run_until_complete
    return future.result()
  File "/usr/share/miniconda3/envs/cryocloud/lib/python3.9/site-packages/nbclient/client.py", line 663, in async_execute
    await self.async_execute_cell(
  File "/usr/share/miniconda3/envs/cryocloud/lib/python3.9/site-packages/nbclient/client.py", line 965, in async_execute_cell
    await self._check_raise_for_error(cell, cell_index, exec_reply)
  File "/usr/share/miniconda3/envs/cryocloud/lib/python3.9/site-packages/nbclient/client.py", line 862, in _check_raise_for_error
    raise CellExecutionError.from_cell_and_msg(cell, exec_reply_content)
nbclient.exceptions.CellExecutionError: An error occurred while executing the following cell:
------------------
reader = ipx.Read(s3urls)
------------------

[0;31m---------------------------------------------------------------------------[0m
[0;31mClientError[0m                               Traceback (most recent call last)
File [0;32m/usr/share/miniconda3/envs/cryocloud/lib/python3.9/site-packages/s3fs/core.py:113[0m, in [0;36m_error_wrapper[0;34m(func, args, kwargs, retries)[0m
[1;32m    112[0m [38;5;28;01mtry[39;00m:
[0;32m--> 113[0m     [38;5;28;01mreturn[39;00m [38;5;28;01mawait[39;00m func([38;5;241m*[39margs, [38;5;241m*[39m[38;5;241m*[39mkwargs)
[1;32m    114[0m [38;5;28;01mexcept[39;00m S3_RETRYABLE_ERRORS [38;5;28;01mas[39;00m e:

File [0;32m/usr/share/miniconda3/envs/cryocloud/lib/python3.9/site-packages/aiobotocore/client.py:411[0m, in [0;36mAioBaseClient._make_api_call[0;34m(self, operation_name, api_params)[0m
[1;32m    410[0m     error_class [38;5;241m=[39m [38;5;28mself[39m[38;5;241m.[39mexceptions[38;5;241m.[39mfrom_code(error_code)
[0;32m--> 411[0m     [38;5;28;01mraise[39;00m error_class(parsed_response, operation_name)
[1;32m    412[0m [38;5;28;01melse[39;00m:

[0;31mClientError[0m: An error occurred (403) when calling the HeadObject operation: Forbidden

The above exception was the direct cause of the following exception:

[0;31mPermissionError[0m                           Traceback (most recent call last)
Cell [0;32mIn [9], line 1[0m
[0;32m----> 1[0m reader [38;5;241m=[39m [43mipx[49m[38;5;241;43m.[39;49m[43mRead[49m[43m([49m[43ms3urls[49m[43m)[49m

File [0;32m/usr/share/miniconda3/envs/cryocloud/lib/python3.9/site-packages/icepyx/core/read.py:407[0m, in [0;36mRead.__init__[0;34m(self, data_source, glob_kwargs, out_obj_type, product, filename_pattern, catalog)[0m
[1;32m    405[0m     [38;5;28;01melse[39;00m:
[1;32m    406[0m         auth [38;5;241m=[39m [38;5;28;01mNone[39;00m
[0;32m--> 407[0m     product_dict[file_] [38;5;241m=[39m [43mis2ref[49m[38;5;241;43m.[39;49m[43mextract_product[49m[43m([49m[43mfile_[49m[43m,[49m[43m [49m[43mauth[49m[38;5;241;43m=[39;49m[43mauth[49m[43m)[49m
[1;32m    409[0m [38;5;66;03m# Raise an error if there are both s3 and non-s3 paths present[39;00m
[1;32m    410[0m [38;5;28;01mif[39;00m [38;5;28mlen[39m([38;5;28mset[39m([38;5;28mself[39m[38;5;241m.[39mis_s3)) [38;5;241m>[39m [38;5;241m1[39m:

File [0;32m/usr/share/miniconda3/envs/cryocloud/lib/python3.9/site-packages/icepyx/core/is2ref.py:366[0m, in [0;36mextract_product[0;34m(filepath, auth)[0m
[1;32m    364[0m     [38;5;66;03m# Read the s3 file[39;00m
[1;32m    365[0m     s3 [38;5;241m=[39m earthaccess[38;5;241m.[39mget_s3fs_session(daac[38;5;241m=[39m[38;5;124m"[39m[38;5;124mNSIDC[39m[38;5;124m"[39m)
[0;32m--> 366[0m     f [38;5;241m=[39m h5py[38;5;241m.[39mFile([43ms3[49m[38;5;241;43m.[39;49m[43mopen[49m[43m([49m[43mfilepath[49m[43m,[49m[43m [49m[38;5;124;43m"[39;49m[38;5;124;43mrb[39;49m[38;5;124;43m"[39;49m[43m)[49m)
[1;32m    367[0m [38;5;28;01melse[39;00m:
[1;32m    368[0m     [38;5;66;03m# Otherwise assume a local filepath. Read with h5py.[39;00m
[1;32m    369[0m     f [38;5;241m=[39m h5py[38;5;241m.[39mFile(filepath, [38;5;124m"[39m[38;5;124mr[39m[38;5;124m"[39m)

File [0;32m/usr/share/miniconda3/envs/cryocloud/lib/python3.9/site-packages/fsspec/spec.py:1303[0m, in [0;36mAbstractFileSystem.open[0;34m(self, path, mode, block_size, cache_options, compression, **kwargs)[0m
[1;32m   1301[0m [38;5;28;01melse[39;00m:
[1;32m   1302[0m     ac [38;5;241m=[39m kwargs[38;5;241m.[39mpop([38;5;124m"[39m[38;5;124mautocommit[39m[38;5;124m"[39m, [38;5;129;01mnot[39;00m [38;5;28mself[39m[38;5;241m.[39m_intrans)
[0;32m-> 1303[0m     f [38;5;241m=[39m [38;5;28;43mself[39;49m[38;5;241;43m.[39;49m[43m_open[49m[43m([49m
[1;32m   1304[0m [43m        [49m[43mpath[49m[43m,[49m
[1;32m   1305[0m [43m        [49m[43mmode[49m[38;5;241;43m=[39;49m[43mmode[49m[43m,[49m
[1;32m   1306[0m [43m        [49m[43mblock_size[49m[38;5;241;43m=[39;49m[43mblock_size[49m[43m,[49m
[1;32m   1307[0m [43m        [49m[43mautocommit[49m[38;5;241;43m=[39;49m[43mac[49m[43m,[49m
[1;32m   1308[0m [43m        [49m[43mcache_options[49m[38;5;241;43m=[39;49m[43mcache_options[49m[43m,[49m
[1;32m   1309[0m [43m        [49m[38;5;241;43m*[39;49m[38;5;241;43m*[39;49m[43mkwargs[49m[43m,[49m
[1;32m   1310[0m [43m    [49m[43m)[49m
[1;32m   1311[0m     [38;5;28;01mif[39;00m compression [38;5;129;01mis[39;00m [38;5;129;01mnot[39;00m [38;5;28;01mNone[39;00m:
[1;32m   1312[0m         [38;5;28;01mfrom[39;00m [38;5;21;01mfsspec[39;00m[38;5;21;01m.[39;00m[38;5;21;01mcompression[39;00m [38;5;28;01mimport[39;00m compr

File [0;32m/usr/share/miniconda3/envs/cryocloud/lib/python3.9/site-packages/s3fs/core.py:688[0m, in [0;36mS3FileSystem._open[0;34m(self, path, mode, block_size, acl, version_id, fill_cache, cache_type, autocommit, size, requester_pays, cache_options, **kwargs)[0m
[1;32m    685[0m [38;5;28;01mif[39;00m cache_type [38;5;129;01mis[39;00m [38;5;28;01mNone[39;00m:
[1;32m    686[0m     cache_type [38;5;241m=[39m [38;5;28mself[39m[38;5;241m.[39mdefault_cache_type
[0;32m--> 688[0m [38;5;28;01mreturn[39;00m [43mS3File[49m[43m([49m
[1;32m    689[0m [43m    [49m[38;5;28;43mself[39;49m[43m,[49m
[1;32m    690[0m [43m    [49m[43mpath[49m[43m,[49m
[1;32m    691[0m [43m    [49m[43mmode[49m[43m,[49m
[1;32m    692[0m [43m    [49m[43mblock_size[49m[38;5;241;43m=[39;49m[43mblock_size[49m[43m,[49m
[1;32m    693[0m [43m    [49m[43macl[49m[38;5;241;43m=[39;49m[43macl[49m[43m,[49m
[1;32m    694[0m [43m    [49m[43mversion_id[49m[38;5;241;43m=[39;49m[43mversion_id[49m[43m,[49m
[1;32m    695[0m [43m    [49m[43mfill_cache[49m[38;5;241;43m=[39;49m[43mfill_cache[49m[43m,[49m
[1;32m    696[0m [43m    [49m[43ms3_additional_kwargs[49m[38;5;241;43m=[39;49m[43mkw[49m[43m,[49m
[1;32m    697[0m [43m    [49m[43mcache_type[49m[38;5;241;43m=[39;49m[43mcache_type[49m[43m,[49m
[1;32m    698[0m [43m    [49m[43mautocommit[49m[38;5;241;43m=[39;49m[43mautocommit[49m[43m,[49m
[1;32m    699[0m [43m    [49m[43mrequester_pays[49m[38;5;241;43m=[39;49m[43mrequester_pays[49m[43m,[49m
[1;32m    700[0m [43m    [49m[43mcache_options[49m[38;5;241;43m=[39;49m[43mcache_options[49m[43m,[49m
[1;32m    701[0m [43m    [49m[43msize[49m[38;5;241;43m=[39;49m[43msize[49m[43m,[49m
[1;32m    702[0m [43m[49m[43m)[49m

File [0;32m/usr/share/miniconda3/envs/cryocloud/lib/python3.9/site-packages/s3fs/core.py:2182[0m, in [0;36mS3File.__init__[0;34m(self, s3, path, mode, block_size, acl, version_id, fill_cache, s3_additional_kwargs, autocommit, cache_type, requester_pays, cache_options, size)[0m
[1;32m   2180[0m         [38;5;28mself[39m[38;5;241m.[39mdetails [38;5;241m=[39m s3[38;5;241m.[39minfo(path)
[1;32m   2181[0m         [38;5;28mself[39m[38;5;241m.[39mversion_id [38;5;241m=[39m [38;5;28mself[39m[38;5;241m.[39mdetails[38;5;241m.[39mget([38;5;124m"[39m[38;5;124mVersionId[39m[38;5;124m"[39m)
[0;32m-> 2182[0m [38;5;28;43msuper[39;49m[43m([49m[43m)[49m[38;5;241;43m.[39;49m[38;5;21;43m__init__[39;49m[43m([49m
[1;32m   2183[0m [43m    [49m[43ms3[49m[43m,[49m
[1;32m   2184[0m [43m    [49m[43mpath[49m[43m,[49m
[1;32m   2185[0m [43m    [49m[43mmode[49m[43m,[49m
[1;32m   2186[0m [43m    [49m[43mblock_size[49m[43m,[49m
[1;32m   2187[0m [43m    [49m[43mautocommit[49m[38;5;241;43m=[39;49m[43mautocommit[49m[43m,[49m
[1;32m   2188[0m [43m    [49m[43mcache_type[49m[38;5;241;43m=[39;49m[43mcache_type[49m[43m,[49m
[1;32m   2189[0m [43m    [49m[43mcache_options[49m[38;5;241;43m=[39;49m[43mcache_options[49m[43m,[49m
[1;32m   2190[0m [43m    [49m[43msize[49m[38;5;241;43m=[39;49m[43msize[49m[43m,[49m
[1;32m   2191[0m [43m[49m[43m)[49m
[1;32m   2192[0m [38;5;28mself[39m[38;5;241m.[39ms3 [38;5;241m=[39m [38;5;28mself[39m[38;5;241m.[39mfs  [38;5;66;03m# compatibility[39;00m
[1;32m   2194[0m [38;5;66;03m# when not using autocommit we want to have transactional state to manage[39;00m

File [0;32m/usr/share/miniconda3/envs/cryocloud/lib/python3.9/site-packages/fsspec/spec.py:1742[0m, in [0;36mAbstractBufferedFile.__init__[0;34m(self, fs, path, mode, block_size, autocommit, cache_type, cache_options, size, **kwargs)[0m
[1;32m   1740[0m         [38;5;28mself[39m[38;5;241m.[39msize [38;5;241m=[39m size
[1;32m   1741[0m     [38;5;28;01melse[39;00m:
[0;32m-> 1742[0m         [38;5;28mself[39m[38;5;241m.[39msize [38;5;241m=[39m [38;5;28;43mself[39;49m[38;5;241;43m.[39;49m[43mdetails[49m[[38;5;124m"[39m[38;5;124msize[39m[38;5;124m"[39m]
[1;32m   1743[0m     [38;5;28mself[39m[38;5;241m.[39mcache [38;5;241m=[39m caches[cache_type](
[1;32m   1744[0m         [38;5;28mself[39m[38;5;241m.[39mblocksize, [38;5;28mself[39m[38;5;241m.[39m_fetch_range, [38;5;28mself[39m[38;5;241m.[39msize, [38;5;241m*[39m[38;5;241m*[39mcache_options
[1;32m   1745[0m     )
[1;32m   1746[0m [38;5;28;01melse[39;00m:

File [0;32m/usr/share/miniconda3/envs/cryocloud/lib/python3.9/site-packages/fsspec/spec.py:1755[0m, in [0;36mAbstractBufferedFile.details[0;34m(self)[0m
[1;32m   1752[0m [38;5;129m@property[39m
[1;32m   1753[0m [38;5;28;01mdef[39;00m [38;5;21mdetails[39m([38;5;28mself[39m):
[1;32m   1754[0m     [38;5;28;01mif[39;00m [38;5;28mself[39m[38;5;241m.[39m_details [38;5;129;01mis[39;00m [38;5;28;01mNone[39;00m:
[0;32m-> 1755[0m         [38;5;28mself[39m[38;5;241m.[39m_details [38;5;241m=[39m [38;5;28;43mself[39;49m[38;5;241;43m.[39;49m[43mfs[49m[38;5;241;43m.[39;49m[43minfo[49m[43m([49m[38;5;28;43mself[39;49m[38;5;241;43m.[39;49m[43mpath[49m[43m)[49m
[1;32m   1756[0m     [38;5;28;01mreturn[39;00m [38;5;28mself[39m[38;5;241m.[39m_details

File [0;32m/usr/share/miniconda3/envs/cryocloud/lib/python3.9/site-packages/fsspec/asyn.py:118[0m, in [0;36msync_wrapper.<locals>.wrapper[0;34m(*args, **kwargs)[0m
[1;32m    115[0m [38;5;129m@functools[39m[38;5;241m.[39mwraps(func)
[1;32m    116[0m [38;5;28;01mdef[39;00m [38;5;21mwrapper[39m([38;5;241m*[39margs, [38;5;241m*[39m[38;5;241m*[39mkwargs):
[1;32m    117[0m     [38;5;28mself[39m [38;5;241m=[39m obj [38;5;129;01mor[39;00m args[[38;5;241m0[39m]
[0;32m--> 118[0m     [38;5;28;01mreturn[39;00m [43msync[49m[43m([49m[38;5;28;43mself[39;49m[38;5;241;43m.[39;49m[43mloop[49m[43m,[49m[43m [49m[43mfunc[49m[43m,[49m[43m [49m[38;5;241;43m*[39;49m[43margs[49m[43m,[49m[43m [49m[38;5;241;43m*[39;49m[38;5;241;43m*[39;49m[43mkwargs[49m[43m)[49m

File [0;32m/usr/share/miniconda3/envs/cryocloud/lib/python3.9/site-packages/fsspec/asyn.py:103[0m, in [0;36msync[0;34m(loop, func, timeout, *args, **kwargs)[0m
[1;32m    101[0m     [38;5;28;01mraise[39;00m FSTimeoutError [38;5;28;01mfrom[39;00m [38;5;21;01mreturn_result[39;00m
[1;32m    102[0m [38;5;28;01melif[39;00m [38;5;28misinstance[39m(return_result, [38;5;167;01mBaseException[39;00m):
[0;32m--> 103[0m     [38;5;28;01mraise[39;00m return_result
[1;32m    104[0m [38;5;28;01melse[39;00m:
[1;32m    105[0m     [38;5;28;01mreturn[39;00m return_result

File [0;32m/usr/share/miniconda3/envs/cryocloud/lib/python3.9/site-packages/fsspec/asyn.py:56[0m, in [0;36m_runner[0;34m(event, coro, result, timeout)[0m
[1;32m     54[0m     coro [38;5;241m=[39m asyncio[38;5;241m.[39mwait_for(coro, timeout[38;5;241m=[39mtimeout)
[1;32m     55[0m [38;5;28;01mtry[39;00m:
[0;32m---> 56[0m     result[[38;5;241m0[39m] [38;5;241m=[39m [38;5;28;01mawait[39;00m coro
[1;32m     57[0m [38;5;28;01mexcept[39;00m [38;5;167;01mException[39;00m [38;5;28;01mas[39;00m ex:
[1;32m     58[0m     result[[38;5;241m0[39m] [38;5;241m=[39m ex

File [0;32m/usr/share/miniconda3/envs/cryocloud/lib/python3.9/site-packages/s3fs/core.py:1374[0m, in [0;36mS3FileSystem._info[0;34m(self, path, bucket, key, refresh, version_id)[0m
[1;32m   1372[0m [38;5;28;01mif[39;00m key:
[1;32m   1373[0m     [38;5;28;01mtry[39;00m:
[0;32m-> 1374[0m         out [38;5;241m=[39m [38;5;28;01mawait[39;00m [38;5;28mself[39m[38;5;241m.[39m_call_s3(
[1;32m   1375[0m             [38;5;124m"[39m[38;5;124mhead_object[39m[38;5;124m"[39m,
[1;32m   1376[0m             [38;5;28mself[39m[38;5;241m.[39mkwargs,
[1;32m   1377[0m             Bucket[38;5;241m=[39mbucket,
[1;32m   1378[0m             Key[38;5;241m=[39mkey,
[1;32m   1379[0m             [38;5;241m*[39m[38;5;241m*[39mversion_id_kw(version_id),
[1;32m   1380[0m             [38;5;241m*[39m[38;5;241m*[39m[38;5;28mself[39m[38;5;241m.[39mreq_kw,
[1;32m   1381[0m         )
[1;32m   1382[0m         [38;5;28;01mreturn[39;00m {
[1;32m   1383[0m             [38;5;124m"[39m[38;5;124mETag[39m[38;5;124m"[39m: out[38;5;241m.[39mget([38;5;124m"[39m[38;5;124mETag[39m[38;5;124m"[39m, [38;5;124m"[39m[38;5;124m"[39m),
[1;32m   1384[0m             [38;5;124m"[39m[38;5;124mLastModified[39m[38;5;124m"[39m: out[38;5;241m.[39mget([38;5;124m"[39m[38;5;124mLastModified[39m[38;5;124m"[39m, [38;5;124m"[39m[38;5;124m"[39m),
[0;32m   (...)[0m
[1;32m   1390[0m             [38;5;124m"[39m[38;5;124mContentType[39m[38;5;124m"[39m: out[38;5;241m.[39mget([38;5;124m"[39m[38;5;124mContentType[39m[38;5;124m"[39m),
[1;32m   1391[0m         }
[1;32m   1392[0m     [38;5;28;01mexcept[39;00m [38;5;167;01mFileNotFoundError[39;00m:

File [0;32m/usr/share/miniconda3/envs/cryocloud/lib/python3.9/site-packages/s3fs/core.py:365[0m, in [0;36mS3FileSystem._call_s3[0;34m(self, method, *akwarglist, **kwargs)[0m
[1;32m    363[0m logger[38;5;241m.[39mdebug([38;5;124m"[39m[38;5;124mCALL: [39m[38;5;132;01m%s[39;00m[38;5;124m - [39m[38;5;132;01m%s[39;00m[38;5;124m - [39m[38;5;132;01m%s[39;00m[38;5;124m"[39m, method[38;5;241m.[39m[38;5;18m__name__[39m, akwarglist, kw2)
[1;32m    364[0m additional_kwargs [38;5;241m=[39m [38;5;28mself[39m[38;5;241m.[39m_get_s3_method_kwargs(method, [38;5;241m*[39makwarglist, [38;5;241m*[39m[38;5;241m*[39mkwargs)
[0;32m--> 365[0m [38;5;28;01mreturn[39;00m [38;5;28;01mawait[39;00m _error_wrapper(
[1;32m    366[0m     method, kwargs[38;5;241m=[39madditional_kwargs, retries[38;5;241m=[39m[38;5;28mself[39m[38;5;241m.[39mretries
[1;32m    367[0m )

File [0;32m/usr/share/miniconda3/envs/cryocloud/lib/python3.9/site-packages/s3fs/core.py:145[0m, in [0;36m_error_wrapper[0;34m(func, args, kwargs, retries)[0m
[1;32m    143[0m         err [38;5;241m=[39m e
[1;32m    144[0m err [38;5;241m=[39m translate_boto_error(err)
[0;32m--> 145[0m [38;5;28;01mraise[39;00m err

[0;31mPermissionError[0m: Forbidden
PermissionError: Forbidden

