Traceback (most recent call last):
  File "/usr/share/miniconda3/envs/cryocloud/lib/python3.9/site-packages/jupyter_cache/executors/utils.py", line 51, in single_nb_execution
    executenb(
  File "/usr/share/miniconda3/envs/cryocloud/lib/python3.9/site-packages/nbclient/client.py", line 1204, in execute
    return NotebookClient(nb=nb, resources=resources, km=km, **kwargs).execute()
  File "/usr/share/miniconda3/envs/cryocloud/lib/python3.9/site-packages/nbclient/util.py", line 84, in wrapped
    return just_run(coro(*args, **kwargs))
  File "/usr/share/miniconda3/envs/cryocloud/lib/python3.9/site-packages/nbclient/util.py", line 62, in just_run
    return loop.run_until_complete(coro)
  File "/usr/share/miniconda3/envs/cryocloud/lib/python3.9/asyncio/base_events.py", line 647, in run_until_complete
    return future.result()
  File "/usr/share/miniconda3/envs/cryocloud/lib/python3.9/site-packages/nbclient/client.py", line 663, in async_execute
    await self.async_execute_cell(
  File "/usr/share/miniconda3/envs/cryocloud/lib/python3.9/site-packages/nbclient/client.py", line 965, in async_execute_cell
    await self._check_raise_for_error(cell, cell_index, exec_reply)
  File "/usr/share/miniconda3/envs/cryocloud/lib/python3.9/site-packages/nbclient/client.py", line 862, in _check_raise_for_error
    raise CellExecutionError.from_cell_and_msg(cell, exec_reply_content)
nbclient.exceptions.CellExecutionError: An error occurred while executing the following cell:
------------------
ds = xr.tutorial.load_dataset("air_temperature")
ds
------------------

[0;31m---------------------------------------------------------------------------[0m
[0;31mModuleNotFoundError[0m                       Traceback (most recent call last)
File [0;32m/usr/share/miniconda3/envs/cryocloud/lib/python3.9/site-packages/xarray/tutorial.py:131[0m, in [0;36mopen_dataset[0;34m(name, cache, cache_dir, engine, **kws)[0m
[1;32m    130[0m [38;5;28;01mtry[39;00m:
[0;32m--> 131[0m     [38;5;28;01mimport[39;00m [38;5;21;01mpooch[39;00m
[1;32m    132[0m [38;5;28;01mexcept[39;00m [38;5;167;01mImportError[39;00m [38;5;28;01mas[39;00m e:

[0;31mModuleNotFoundError[0m: No module named 'pooch'

The above exception was the direct cause of the following exception:

[0;31mImportError[0m                               Traceback (most recent call last)
Cell [0;32mIn [2], line 1[0m
[0;32m----> 1[0m ds [38;5;241m=[39m [43mxr[49m[38;5;241;43m.[39;49m[43mtutorial[49m[38;5;241;43m.[39;49m[43mload_dataset[49m[43m([49m[38;5;124;43m"[39;49m[38;5;124;43mair_temperature[39;49m[38;5;124;43m"[39;49m[43m)[49m
[1;32m      2[0m ds

File [0;32m/usr/share/miniconda3/envs/cryocloud/lib/python3.9/site-packages/xarray/tutorial.py:270[0m, in [0;36mload_dataset[0;34m(*args, **kwargs)[0m
[1;32m    233[0m [38;5;28;01mdef[39;00m [38;5;21mload_dataset[39m([38;5;241m*[39margs, [38;5;241m*[39m[38;5;241m*[39mkwargs) [38;5;241m-[39m[38;5;241m>[39m Dataset:
[1;32m    234[0m     [38;5;124;03m"""[39;00m
[1;32m    235[0m [38;5;124;03m    Open, load into memory, and close a dataset from the online repository[39;00m
[1;32m    236[0m [38;5;124;03m    (requires internet).[39;00m
[0;32m   (...)[0m
[1;32m    268[0m [38;5;124;03m    load_dataset[39;00m
[1;32m    269[0m [38;5;124;03m    """[39;00m
[0;32m--> 270[0m     [38;5;28;01mwith[39;00m [43mopen_dataset[49m[43m([49m[38;5;241;43m*[39;49m[43margs[49m[43m,[49m[43m [49m[38;5;241;43m*[39;49m[38;5;241;43m*[39;49m[43mkwargs[49m[43m)[49m [38;5;28;01mas[39;00m ds:
[1;32m    271[0m         [38;5;28;01mreturn[39;00m ds[38;5;241m.[39mload()

File [0;32m/usr/share/miniconda3/envs/cryocloud/lib/python3.9/site-packages/xarray/tutorial.py:133[0m, in [0;36mopen_dataset[0;34m(name, cache, cache_dir, engine, **kws)[0m
[1;32m    131[0m     [38;5;28;01mimport[39;00m [38;5;21;01mpooch[39;00m
[1;32m    132[0m [38;5;28;01mexcept[39;00m [38;5;167;01mImportError[39;00m [38;5;28;01mas[39;00m e:
[0;32m--> 133[0m     [38;5;28;01mraise[39;00m [38;5;167;01mImportError[39;00m(
[1;32m    134[0m         [38;5;124m"[39m[38;5;124mtutorial.open_dataset depends on pooch to download and manage datasets.[39m[38;5;124m"[39m
[1;32m    135[0m         [38;5;124m"[39m[38;5;124m To proceed please install pooch.[39m[38;5;124m"[39m
[1;32m    136[0m     ) [38;5;28;01mfrom[39;00m [38;5;21;01me[39;00m
[1;32m    138[0m logger [38;5;241m=[39m pooch[38;5;241m.[39mget_logger()
[1;32m    139[0m logger[38;5;241m.[39msetLevel([38;5;124m"[39m[38;5;124mWARNING[39m[38;5;124m"[39m)

[0;31mImportError[0m: tutorial.open_dataset depends on pooch to download and manage datasets. To proceed please install pooch.
ImportError: tutorial.open_dataset depends on pooch to download and manage datasets. To proceed please install pooch.

