Traceback (most recent call last):
  File "/usr/share/miniconda3/envs/cryocloud/lib/python3.9/site-packages/jupyter_cache/executors/utils.py", line 51, in single_nb_execution
    executenb(
  File "/usr/share/miniconda3/envs/cryocloud/lib/python3.9/site-packages/nbclient/client.py", line 1204, in execute
    return NotebookClient(nb=nb, resources=resources, km=km, **kwargs).execute()
  File "/usr/share/miniconda3/envs/cryocloud/lib/python3.9/site-packages/nbclient/util.py", line 84, in wrapped
    return just_run(coro(*args, **kwargs))
  File "/usr/share/miniconda3/envs/cryocloud/lib/python3.9/site-packages/nbclient/util.py", line 62, in just_run
    return loop.run_until_complete(coro)
  File "/usr/share/miniconda3/envs/cryocloud/lib/python3.9/asyncio/base_events.py", line 647, in run_until_complete
    return future.result()
  File "/usr/share/miniconda3/envs/cryocloud/lib/python3.9/site-packages/nbclient/client.py", line 663, in async_execute
    await self.async_execute_cell(
  File "/usr/share/miniconda3/envs/cryocloud/lib/python3.9/site-packages/nbclient/client.py", line 965, in async_execute_cell
    await self._check_raise_for_error(cell, cell_index, exec_reply)
  File "/usr/share/miniconda3/envs/cryocloud/lib/python3.9/site-packages/nbclient/client.py", line 862, in _check_raise_for_error
    raise CellExecutionError.from_cell_and_msg(cell, exec_reply_content)
nbclient.exceptions.CellExecutionError: An error occurred while executing the following cell:
------------------
with dask.diagnostics.ProgressBar():
    data = area_of_interest.compute()
------------------

[0;31m---------------------------------------------------------------------------[0m
[0;31mCRSError[0m                                  Traceback (most recent call last)
Cell [0;32mIn [25], line 2[0m
[1;32m      1[0m [38;5;28;01mwith[39;00m dask[38;5;241m.[39mdiagnostics[38;5;241m.[39mProgressBar():
[0;32m----> 2[0m     data [38;5;241m=[39m [43marea_of_interest[49m[38;5;241;43m.[39;49m[43mcompute[49m[43m([49m[43m)[49m

File [0;32m/usr/share/miniconda3/envs/cryocloud/lib/python3.9/site-packages/xarray/core/dataarray.py:1088[0m, in [0;36mDataArray.compute[0;34m(self, **kwargs)[0m
[1;32m   1069[0m [38;5;124;03m"""Manually trigger loading of this array's data from disk or a[39;00m
[1;32m   1070[0m [38;5;124;03mremote source into memory and return a new array. The original is[39;00m
[1;32m   1071[0m [38;5;124;03mleft unaltered.[39;00m
[0;32m   (...)[0m
[1;32m   1085[0m [38;5;124;03mdask.compute[39;00m
[1;32m   1086[0m [38;5;124;03m"""[39;00m
[1;32m   1087[0m new [38;5;241m=[39m [38;5;28mself[39m[38;5;241m.[39mcopy(deep[38;5;241m=[39m[38;5;28;01mFalse[39;00m)
[0;32m-> 1088[0m [38;5;28;01mreturn[39;00m [43mnew[49m[38;5;241;43m.[39;49m[43mload[49m[43m([49m[38;5;241;43m*[39;49m[38;5;241;43m*[39;49m[43mkwargs[49m[43m)[49m

File [0;32m/usr/share/miniconda3/envs/cryocloud/lib/python3.9/site-packages/xarray/core/dataarray.py:1062[0m, in [0;36mDataArray.load[0;34m(self, **kwargs)[0m
[1;32m   1044[0m [38;5;28;01mdef[39;00m [38;5;21mload[39m([38;5;28mself[39m: T_DataArray, [38;5;241m*[39m[38;5;241m*[39mkwargs) [38;5;241m-[39m[38;5;241m>[39m T_DataArray:
[1;32m   1045[0m     [38;5;124;03m"""Manually trigger loading of this array's data from disk or a[39;00m
[1;32m   1046[0m [38;5;124;03m    remote source into memory and return this array.[39;00m
[1;32m   1047[0m 
[0;32m   (...)[0m
[1;32m   1060[0m [38;5;124;03m    dask.compute[39;00m
[1;32m   1061[0m [38;5;124;03m    """[39;00m
[0;32m-> 1062[0m     ds [38;5;241m=[39m [38;5;28;43mself[39;49m[38;5;241;43m.[39;49m[43m_to_temp_dataset[49m[43m([49m[43m)[49m[38;5;241;43m.[39;49m[43mload[49m[43m([49m[38;5;241;43m*[39;49m[38;5;241;43m*[39;49m[43mkwargs[49m[43m)[49m
[1;32m   1063[0m     new [38;5;241m=[39m [38;5;28mself[39m[38;5;241m.[39m_from_temp_dataset(ds)
[1;32m   1064[0m     [38;5;28mself[39m[38;5;241m.[39m_variable [38;5;241m=[39m new[38;5;241m.[39m_variable

File [0;32m/usr/share/miniconda3/envs/cryocloud/lib/python3.9/site-packages/xarray/core/dataset.py:735[0m, in [0;36mDataset.load[0;34m(self, **kwargs)[0m
[1;32m    732[0m [38;5;28;01mimport[39;00m [38;5;21;01mdask[39;00m[38;5;21;01m.[39;00m[38;5;21;01marray[39;00m [38;5;28;01mas[39;00m [38;5;21;01mda[39;00m
[1;32m    734[0m [38;5;66;03m# evaluate all the dask arrays simultaneously[39;00m
[0;32m--> 735[0m evaluated_data [38;5;241m=[39m [43mda[49m[38;5;241;43m.[39;49m[43mcompute[49m[43m([49m[38;5;241;43m*[39;49m[43mlazy_data[49m[38;5;241;43m.[39;49m[43mvalues[49m[43m([49m[43m)[49m[43m,[49m[43m [49m[38;5;241;43m*[39;49m[38;5;241;43m*[39;49m[43mkwargs[49m[43m)[49m
[1;32m    737[0m [38;5;28;01mfor[39;00m k, data [38;5;129;01min[39;00m [38;5;28mzip[39m(lazy_data, evaluated_data):
[1;32m    738[0m     [38;5;28mself[39m[38;5;241m.[39mvariables[k][38;5;241m.[39mdata [38;5;241m=[39m data

File [0;32m/usr/share/miniconda3/envs/cryocloud/lib/python3.9/site-packages/dask/base.py:602[0m, in [0;36mcompute[0;34m(traverse, optimize_graph, scheduler, get, *args, **kwargs)[0m
[1;32m    599[0m     keys[38;5;241m.[39mappend(x[38;5;241m.[39m__dask_keys__())
[1;32m    600[0m     postcomputes[38;5;241m.[39mappend(x[38;5;241m.[39m__dask_postcompute__())
[0;32m--> 602[0m results [38;5;241m=[39m [43mschedule[49m[43m([49m[43mdsk[49m[43m,[49m[43m [49m[43mkeys[49m[43m,[49m[43m [49m[38;5;241;43m*[39;49m[38;5;241;43m*[39;49m[43mkwargs[49m[43m)[49m
[1;32m    603[0m [38;5;28;01mreturn[39;00m repack([f(r, [38;5;241m*[39ma) [38;5;28;01mfor[39;00m r, (f, a) [38;5;129;01min[39;00m [38;5;28mzip[39m(results, postcomputes)])

File [0;32m/usr/share/miniconda3/envs/cryocloud/lib/python3.9/site-packages/distributed/client.py:3000[0m, in [0;36mClient.get[0;34m(self, dsk, keys, workers, allow_other_workers, resources, sync, asynchronous, direct, retries, priority, fifo_timeout, actors, **kwargs)[0m
[1;32m   2998[0m         should_rejoin [38;5;241m=[39m [38;5;28;01mFalse[39;00m
[1;32m   2999[0m [38;5;28;01mtry[39;00m:
[0;32m-> 3000[0m     results [38;5;241m=[39m [38;5;28;43mself[39;49m[38;5;241;43m.[39;49m[43mgather[49m[43m([49m[43mpacked[49m[43m,[49m[43m [49m[43masynchronous[49m[38;5;241;43m=[39;49m[43masynchronous[49m[43m,[49m[43m [49m[43mdirect[49m[38;5;241;43m=[39;49m[43mdirect[49m[43m)[49m
[1;32m   3001[0m [38;5;28;01mfinally[39;00m:
[1;32m   3002[0m     [38;5;28;01mfor[39;00m f [38;5;129;01min[39;00m futures[38;5;241m.[39mvalues():

File [0;32m/usr/share/miniconda3/envs/cryocloud/lib/python3.9/site-packages/distributed/client.py:2174[0m, in [0;36mClient.gather[0;34m(self, futures, errors, direct, asynchronous)[0m
[1;32m   2172[0m [38;5;28;01melse[39;00m:
[1;32m   2173[0m     local_worker [38;5;241m=[39m [38;5;28;01mNone[39;00m
[0;32m-> 2174[0m [38;5;28;01mreturn[39;00m [38;5;28;43mself[39;49m[38;5;241;43m.[39;49m[43msync[49m[43m([49m
[1;32m   2175[0m [43m    [49m[38;5;28;43mself[39;49m[38;5;241;43m.[39;49m[43m_gather[49m[43m,[49m
[1;32m   2176[0m [43m    [49m[43mfutures[49m[43m,[49m
[1;32m   2177[0m [43m    [49m[43merrors[49m[38;5;241;43m=[39;49m[43merrors[49m[43m,[49m
[1;32m   2178[0m [43m    [49m[43mdirect[49m[38;5;241;43m=[39;49m[43mdirect[49m[43m,[49m
[1;32m   2179[0m [43m    [49m[43mlocal_worker[49m[38;5;241;43m=[39;49m[43mlocal_worker[49m[43m,[49m
[1;32m   2180[0m [43m    [49m[43masynchronous[49m[38;5;241;43m=[39;49m[43masynchronous[49m[43m,[49m
[1;32m   2181[0m [43m[49m[43m)[49m

File [0;32m/usr/share/miniconda3/envs/cryocloud/lib/python3.9/site-packages/distributed/utils.py:336[0m, in [0;36mSyncMethodMixin.sync[0;34m(self, func, asynchronous, callback_timeout, *args, **kwargs)[0m
[1;32m    334[0m     [38;5;28;01mreturn[39;00m future
[1;32m    335[0m [38;5;28;01melse[39;00m:
[0;32m--> 336[0m     [38;5;28;01mreturn[39;00m [43msync[49m[43m([49m
[1;32m    337[0m [43m        [49m[38;5;28;43mself[39;49m[38;5;241;43m.[39;49m[43mloop[49m[43m,[49m[43m [49m[43mfunc[49m[43m,[49m[43m [49m[38;5;241;43m*[39;49m[43margs[49m[43m,[49m[43m [49m[43mcallback_timeout[49m[38;5;241;43m=[39;49m[43mcallback_timeout[49m[43m,[49m[43m [49m[38;5;241;43m*[39;49m[38;5;241;43m*[39;49m[43mkwargs[49m
[1;32m    338[0m [43m    [49m[43m)[49m

File [0;32m/usr/share/miniconda3/envs/cryocloud/lib/python3.9/site-packages/distributed/utils.py:403[0m, in [0;36msync[0;34m(loop, func, callback_timeout, *args, **kwargs)[0m
[1;32m    401[0m [38;5;28;01mif[39;00m error:
[1;32m    402[0m     typ, exc, tb [38;5;241m=[39m error
[0;32m--> 403[0m     [38;5;28;01mraise[39;00m exc[38;5;241m.[39mwith_traceback(tb)
[1;32m    404[0m [38;5;28;01melse[39;00m:
[1;32m    405[0m     [38;5;28;01mreturn[39;00m result

File [0;32m/usr/share/miniconda3/envs/cryocloud/lib/python3.9/site-packages/distributed/utils.py:376[0m, in [0;36msync.<locals>.f[0;34m()[0m
[1;32m    374[0m         future [38;5;241m=[39m asyncio[38;5;241m.[39mwait_for(future, callback_timeout)
[1;32m    375[0m     future [38;5;241m=[39m asyncio[38;5;241m.[39mensure_future(future)
[0;32m--> 376[0m     result [38;5;241m=[39m [38;5;28;01myield[39;00m future
[1;32m    377[0m [38;5;28;01mexcept[39;00m [38;5;167;01mException[39;00m:
[1;32m    378[0m     error [38;5;241m=[39m sys[38;5;241m.[39mexc_info()

File [0;32m/usr/share/miniconda3/envs/cryocloud/lib/python3.9/site-packages/tornado/gen.py:769[0m, in [0;36mRunner.run[0;34m(self)[0m
[1;32m    766[0m exc_info [38;5;241m=[39m [38;5;28;01mNone[39;00m
[1;32m    768[0m [38;5;28;01mtry[39;00m:
[0;32m--> 769[0m     value [38;5;241m=[39m [43mfuture[49m[38;5;241;43m.[39;49m[43mresult[49m[43m([49m[43m)[49m
[1;32m    770[0m [38;5;28;01mexcept[39;00m [38;5;167;01mException[39;00m:
[1;32m    771[0m     exc_info [38;5;241m=[39m sys[38;5;241m.[39mexc_info()

File [0;32m/usr/share/miniconda3/envs/cryocloud/lib/python3.9/site-packages/distributed/client.py:2037[0m, in [0;36mClient._gather[0;34m(self, futures, errors, direct, local_worker)[0m
[1;32m   2035[0m         exc [38;5;241m=[39m CancelledError(key)
[1;32m   2036[0m     [38;5;28;01melse[39;00m:
[0;32m-> 2037[0m         [38;5;28;01mraise[39;00m exception[38;5;241m.[39mwith_traceback(traceback)
[1;32m   2038[0m     [38;5;28;01mraise[39;00m exc
[1;32m   2039[0m [38;5;28;01mif[39;00m errors [38;5;241m==[39m [38;5;124m"[39m[38;5;124mskip[39m[38;5;124m"[39m:

File [0;32m/usr/share/miniconda3/envs/cryocloud/lib/python3.9/site-packages/dask/optimization.py:990[0m, in [0;36m__call__[0;34m()[0m
[1;32m    988[0m [38;5;28;01mif[39;00m [38;5;129;01mnot[39;00m [38;5;28mlen[39m(args) [38;5;241m==[39m [38;5;28mlen[39m([38;5;28mself[39m[38;5;241m.[39minkeys):
[1;32m    989[0m     [38;5;28;01mraise[39;00m [38;5;167;01mValueError[39;00m([38;5;124m"[39m[38;5;124mExpected [39m[38;5;132;01m%d[39;00m[38;5;124m args, got [39m[38;5;132;01m%d[39;00m[38;5;124m"[39m [38;5;241m%[39m ([38;5;28mlen[39m([38;5;28mself[39m[38;5;241m.[39minkeys), [38;5;28mlen[39m(args)))
[0;32m--> 990[0m [38;5;28;01mreturn[39;00m core[38;5;241m.[39mget([38;5;28mself[39m[38;5;241m.[39mdsk, [38;5;28mself[39m[38;5;241m.[39moutkey, [38;5;28mdict[39m([38;5;28mzip[39m([38;5;28mself[39m[38;5;241m.[39minkeys, args)))

File [0;32m/usr/share/miniconda3/envs/cryocloud/lib/python3.9/site-packages/dask/core.py:149[0m, in [0;36mget[0;34m()[0m
[1;32m    147[0m [38;5;28;01mfor[39;00m key [38;5;129;01min[39;00m toposort(dsk):
[1;32m    148[0m     task [38;5;241m=[39m dsk[key]
[0;32m--> 149[0m     result [38;5;241m=[39m _execute_task(task, cache)
[1;32m    150[0m     cache[key] [38;5;241m=[39m result
[1;32m    151[0m result [38;5;241m=[39m _execute_task(out, cache)

File [0;32m/usr/share/miniconda3/envs/cryocloud/lib/python3.9/site-packages/dask/core.py:119[0m, in [0;36m_execute_task[0;34m()[0m
[1;32m    115[0m     func, args [38;5;241m=[39m arg[[38;5;241m0[39m], arg[[38;5;241m1[39m:]
[1;32m    116[0m     [38;5;66;03m# Note: Don't assign the subtask results to a variable. numpy detects[39;00m
[1;32m    117[0m     [38;5;66;03m# temporaries by their reference count and can execute certain[39;00m
[1;32m    118[0m     [38;5;66;03m# operations in-place.[39;00m
[0;32m--> 119[0m     [38;5;28;01mreturn[39;00m func([38;5;241m*[39m(_execute_task(a, cache) [38;5;28;01mfor[39;00m a [38;5;129;01min[39;00m args))
[1;32m    120[0m [38;5;28;01melif[39;00m [38;5;129;01mnot[39;00m ishashable(arg):
[1;32m    121[0m     [38;5;28;01mreturn[39;00m arg

File [0;32m/usr/share/miniconda3/envs/cryocloud/lib/python3.9/site-packages/stackstac/to_dask.py:189[0m, in [0;36mfetch_raster_window[0;34m()[0m
[1;32m    182[0m [38;5;66;03m# Only read if the window we're fetching actually overlaps with the asset[39;00m
[1;32m    183[0m [38;5;28;01mif[39;00m windows[38;5;241m.[39mintersect(current_window, asset_window):
[1;32m    184[0m     [38;5;66;03m# NOTE: when there are multiple assets, we _could_ parallelize these reads with our own threadpool.[39;00m
[1;32m    185[0m     [38;5;66;03m# However, that would probably increase memory usage, since the internal, thread-local GDAL datasets[39;00m
[1;32m    186[0m     [38;5;66;03m# would end up copied to even more threads.[39;00m
[1;32m    187[0m 
[1;32m    188[0m     [38;5;66;03m# TODO when the Reader won't be rescaling, support passing `output` to avoid the copy?[39;00m
[0;32m--> 189[0m     data [38;5;241m=[39m reader[38;5;241m.[39mread(current_window)
[1;32m    191[0m     [38;5;28;01mif[39;00m all_empty:
[1;32m    192[0m         [38;5;66;03m# Turn `output` from a broadcast-trick array to a real array, so it's writeable[39;00m
[1;32m    193[0m         [38;5;28;01mif[39;00m (
[1;32m    194[0m             np[38;5;241m.[39misnan(data)
[1;32m    195[0m             [38;5;28;01mif[39;00m np[38;5;241m.[39misnan(fill_value)
[1;32m    196[0m             [38;5;28;01melse[39;00m np[38;5;241m.[39mequal(data, fill_value)
[1;32m    197[0m         )[38;5;241m.[39mall():
[1;32m    198[0m             [38;5;66;03m# Unless the data we just read is all empty anyway[39;00m

File [0;32m/usr/share/miniconda3/envs/cryocloud/lib/python3.9/site-packages/stackstac/rio_reader.py:385[0m, in [0;36mread[0;34m()[0m
[1;32m    384[0m [38;5;28;01mdef[39;00m [38;5;21mread[39m([38;5;28mself[39m, window: Window, [38;5;241m*[39m[38;5;241m*[39mkwargs) [38;5;241m-[39m[38;5;241m>[39m np[38;5;241m.[39mndarray:
[0;32m--> 385[0m     reader [38;5;241m=[39m [38;5;28mself[39m[38;5;241m.[39mdataset
[1;32m    386[0m     [38;5;28;01mtry[39;00m:
[1;32m    387[0m         result [38;5;241m=[39m reader[38;5;241m.[39mread(
[1;32m    388[0m             window[38;5;241m=[39mwindow,
[1;32m    389[0m             out_dtype[38;5;241m=[39m[38;5;28mself[39m[38;5;241m.[39mdtype,
[0;32m   (...)[0m
[1;32m    393[0m             [38;5;241m*[39m[38;5;241m*[39mkwargs,
[1;32m    394[0m         )

File [0;32m/usr/share/miniconda3/envs/cryocloud/lib/python3.9/site-packages/stackstac/rio_reader.py:381[0m, in [0;36mdataset[0;34m()[0m
[1;32m    379[0m [38;5;28;01mwith[39;00m [38;5;28mself[39m[38;5;241m.[39m_dataset_lock:
[1;32m    380[0m     [38;5;28;01mif[39;00m [38;5;28mself[39m[38;5;241m.[39m_dataset [38;5;129;01mis[39;00m [38;5;28;01mNone[39;00m:
[0;32m--> 381[0m         [38;5;28mself[39m[38;5;241m.[39m_dataset [38;5;241m=[39m [38;5;28mself[39m[38;5;241m.[39m_open()
[1;32m    382[0m     [38;5;28;01mreturn[39;00m [38;5;28mself[39m[38;5;241m.[39m_dataset

File [0;32m/usr/share/miniconda3/envs/cryocloud/lib/python3.9/site-packages/stackstac/rio_reader.py:353[0m, in [0;36m_open[0;34m()[0m
[1;32m    346[0m [38;5;28;01mif[39;00m [38;5;28mself[39m[38;5;241m.[39mspec[38;5;241m.[39mvrt_params [38;5;241m!=[39m {
[1;32m    347[0m     [38;5;124m"[39m[38;5;124mcrs[39m[38;5;124m"[39m: ds[38;5;241m.[39mcrs[38;5;241m.[39mto_epsg(),
[1;32m    348[0m     [38;5;124m"[39m[38;5;124mtransform[39m[38;5;124m"[39m: ds[38;5;241m.[39mtransform,
[1;32m    349[0m     [38;5;124m"[39m[38;5;124mheight[39m[38;5;124m"[39m: ds[38;5;241m.[39mheight,
[1;32m    350[0m     [38;5;124m"[39m[38;5;124mwidth[39m[38;5;124m"[39m: ds[38;5;241m.[39mwidth,
[1;32m    351[0m }:
[1;32m    352[0m     [38;5;28;01mwith[39;00m [38;5;28mself[39m[38;5;241m.[39mgdal_env[38;5;241m.[39mopen_vrt:
[0;32m--> 353[0m         vrt [38;5;241m=[39m WarpedVRT(
[1;32m    354[0m             ds,
[1;32m    355[0m             sharing[38;5;241m=[39m[38;5;28;01mFalse[39;00m,
[1;32m    356[0m             resampling[38;5;241m=[39m[38;5;28mself[39m[38;5;241m.[39mresampling,
[1;32m    357[0m             add_alpha[38;5;241m=[39mds[38;5;241m.[39mnodata [38;5;129;01mis[39;00m [38;5;28;01mNone[39;00m,
[1;32m    358[0m             [38;5;241m*[39m[38;5;241m*[39m[38;5;28mself[39m[38;5;241m.[39mspec[38;5;241m.[39mvrt_params,
[1;32m    359[0m         )
[1;32m    360[0m [38;5;28;01melse[39;00m:
[1;32m    361[0m     logger[38;5;241m.[39minfo([38;5;124mf[39m[38;5;124m"[39m[38;5;124mSkipping VRT for [39m[38;5;132;01m{[39;00m[38;5;28mself[39m[38;5;241m.[39murl[38;5;132;01m!r}[39;00m[38;5;124m"[39m)

File [0;32mrasterio/_warp.pyx:950[0m, in [0;36mrasterio._warp.WarpedVRTReaderBase.__init__[0;34m()[0m

File [0;32mrasterio/crs.pyx:766[0m, in [0;36mrasterio.crs.CRS.from_user_input[0;34m()[0m

File [0;32mrasterio/crs.pyx:590[0m, in [0;36mrasterio.crs.CRS.from_epsg[0;34m()[0m

[0;31mCRSError[0m: The EPSG code is unknown. PROJ: internal_proj_create_from_database: /usr/share/miniconda3/envs/cryocloud/share/proj/proj.db contains DATABASE.LAYOUT.VERSION.MINOR = 2 whereas a number >= 3 is expected. It comes from another PROJ installation.
CRSError: The EPSG code is unknown. PROJ: internal_proj_create_from_database: /usr/share/miniconda3/envs/cryocloud/share/proj/proj.db contains DATABASE.LAYOUT.VERSION.MINOR = 2 whereas a number >= 3 is expected. It comes from another PROJ installation.

