Traceback (most recent call last):
  File "/usr/share/miniconda3/envs/cryocloud/lib/python3.9/site-packages/jupyter_cache/executors/utils.py", line 51, in single_nb_execution
    executenb(
  File "/usr/share/miniconda3/envs/cryocloud/lib/python3.9/site-packages/nbclient/client.py", line 1204, in execute
    return NotebookClient(nb=nb, resources=resources, km=km, **kwargs).execute()
  File "/usr/share/miniconda3/envs/cryocloud/lib/python3.9/site-packages/nbclient/util.py", line 84, in wrapped
    return just_run(coro(*args, **kwargs))
  File "/usr/share/miniconda3/envs/cryocloud/lib/python3.9/site-packages/nbclient/util.py", line 62, in just_run
    return loop.run_until_complete(coro)
  File "/usr/share/miniconda3/envs/cryocloud/lib/python3.9/asyncio/base_events.py", line 647, in run_until_complete
    return future.result()
  File "/usr/share/miniconda3/envs/cryocloud/lib/python3.9/site-packages/nbclient/client.py", line 663, in async_execute
    await self.async_execute_cell(
  File "/usr/share/miniconda3/envs/cryocloud/lib/python3.9/site-packages/nbclient/client.py", line 965, in async_execute_cell
    await self._check_raise_for_error(cell, cell_index, exec_reply)
  File "/usr/share/miniconda3/envs/cryocloud/lib/python3.9/site-packages/nbclient/client.py", line 862, in _check_raise_for_error
    raise CellExecutionError.from_cell_and_msg(cell, exec_reply_content)
nbclient.exceptions.CellExecutionError: An error occurred while executing the following cell:
------------------
import s3fs
s3 = s3fs.S3FileSystem(anon=False, profile='icesat2')
s3.ls('gris-outlet-glacier-seasonality-icesat2')

------------------

[0;31m---------------------------------------------------------------------------[0m
[0;31mModuleNotFoundError[0m                       Traceback (most recent call last)
Cell [0;32mIn [1], line 1[0m
[0;32m----> 1[0m [38;5;28;01mimport[39;00m [38;5;21;01ms3fs[39;00m
[1;32m      2[0m s3 [38;5;241m=[39m s3fs[38;5;241m.[39mS3FileSystem(anon[38;5;241m=[39m[38;5;28;01mFalse[39;00m, profile[38;5;241m=[39m[38;5;124m'[39m[38;5;124micesat2[39m[38;5;124m'[39m)
[1;32m      3[0m s3[38;5;241m.[39mls([38;5;124m'[39m[38;5;124mgris-outlet-glacier-seasonality-icesat2[39m[38;5;124m'[39m)

[0;31mModuleNotFoundError[0m: No module named 's3fs'
ModuleNotFoundError: No module named 's3fs'

