Traceback (most recent call last):
  File "/usr/share/miniconda3/envs/cryocloud/lib/python3.9/site-packages/jupyter_cache/executors/utils.py", line 51, in single_nb_execution
    executenb(
  File "/usr/share/miniconda3/envs/cryocloud/lib/python3.9/site-packages/nbclient/client.py", line 1204, in execute
    return NotebookClient(nb=nb, resources=resources, km=km, **kwargs).execute()
  File "/usr/share/miniconda3/envs/cryocloud/lib/python3.9/site-packages/nbclient/util.py", line 84, in wrapped
    return just_run(coro(*args, **kwargs))
  File "/usr/share/miniconda3/envs/cryocloud/lib/python3.9/site-packages/nbclient/util.py", line 62, in just_run
    return loop.run_until_complete(coro)
  File "/usr/share/miniconda3/envs/cryocloud/lib/python3.9/asyncio/base_events.py", line 647, in run_until_complete
    return future.result()
  File "/usr/share/miniconda3/envs/cryocloud/lib/python3.9/site-packages/nbclient/client.py", line 663, in async_execute
    await self.async_execute_cell(
  File "/usr/share/miniconda3/envs/cryocloud/lib/python3.9/site-packages/nbclient/client.py", line 965, in async_execute_cell
    await self._check_raise_for_error(cell, cell_index, exec_reply)
  File "/usr/share/miniconda3/envs/cryocloud/lib/python3.9/site-packages/nbclient/client.py", line 862, in _check_raise_for_error
    raise CellExecutionError.from_cell_and_msg(cell, exec_reply_content)
nbclient.exceptions.CellExecutionError: An error occurred while executing the following cell:
------------------
%matplotlib inline

# uses multicolor line solution from: 
# https://stackoverflow.com/questions/44642966/how-to-plot-multi-color-line-if-x-axis-is-date-time-index-of-pandas

import itslive

# we need several matplotlib components to make this plot
from matplotlib import pyplot as plt
from matplotlib import collections  as mc
from matplotlib import dates as mdates
from matplotlib import colors as mpl_colors
from matplotlib import cm  as mpl_cm
from matplotlib import ticker as mpl_ticker

import numpy as np

------------------

[0;31m---------------------------------------------------------------------------[0m
[0;31mModuleNotFoundError[0m                       Traceback (most recent call last)
Cell [0;32mIn [1], line 6[0m
[1;32m      1[0m get_ipython()[38;5;241m.[39mrun_line_magic([38;5;124m'[39m[38;5;124mmatplotlib[39m[38;5;124m'[39m, [38;5;124m'[39m[38;5;124minline[39m[38;5;124m'[39m)
[1;32m      3[0m [38;5;66;03m# uses multicolor line solution from: [39;00m
[1;32m      4[0m [38;5;66;03m# https://stackoverflow.com/questions/44642966/how-to-plot-multi-color-line-if-x-axis-is-date-time-index-of-pandas[39;00m
[0;32m----> 6[0m [38;5;28;01mimport[39;00m [38;5;21;01mitslive[39;00m
[1;32m      8[0m [38;5;66;03m# we need several matplotlib components to make this plot[39;00m
[1;32m      9[0m [38;5;28;01mfrom[39;00m [38;5;21;01mmatplotlib[39;00m [38;5;28;01mimport[39;00m pyplot [38;5;28;01mas[39;00m plt

[0;31mModuleNotFoundError[0m: No module named 'itslive'
ModuleNotFoundError: No module named 'itslive'

