Traceback (most recent call last):
  File "/usr/share/miniconda3/envs/cryocloud/lib/python3.9/site-packages/jupyter_cache/executors/utils.py", line 51, in single_nb_execution
    executenb(
  File "/usr/share/miniconda3/envs/cryocloud/lib/python3.9/site-packages/nbclient/client.py", line 1204, in execute
    return NotebookClient(nb=nb, resources=resources, km=km, **kwargs).execute()
  File "/usr/share/miniconda3/envs/cryocloud/lib/python3.9/site-packages/nbclient/util.py", line 84, in wrapped
    return just_run(coro(*args, **kwargs))
  File "/usr/share/miniconda3/envs/cryocloud/lib/python3.9/site-packages/nbclient/util.py", line 62, in just_run
    return loop.run_until_complete(coro)
  File "/usr/share/miniconda3/envs/cryocloud/lib/python3.9/asyncio/base_events.py", line 647, in run_until_complete
    return future.result()
  File "/usr/share/miniconda3/envs/cryocloud/lib/python3.9/site-packages/nbclient/client.py", line 663, in async_execute
    await self.async_execute_cell(
  File "/usr/share/miniconda3/envs/cryocloud/lib/python3.9/site-packages/nbclient/client.py", line 965, in async_execute_cell
    await self._check_raise_for_error(cell, cell_index, exec_reply)
  File "/usr/share/miniconda3/envs/cryocloud/lib/python3.9/site-packages/nbclient/client.py", line 862, in _check_raise_for_error
    raise CellExecutionError.from_cell_and_msg(cell, exec_reply_content)
nbclient.exceptions.CellExecutionError: An error occurred while executing the following cell:
------------------
import io
import logging, warnings
import geopandas as gpd
import sliderule.h5
import sliderule.icesat2
import sliderule.io
import sliderule.ipysliderule
import shapely.geometry
import owslib.wms
------------------

[0;31m---------------------------------------------------------------------------[0m
[0;31mModuleNotFoundError[0m                       Traceback (most recent call last)
Cell [0;32mIn [2], line 7[0m
[1;32m      5[0m [38;5;28;01mimport[39;00m [38;5;21;01msliderule[39;00m[38;5;21;01m.[39;00m[38;5;21;01micesat2[39;00m
[1;32m      6[0m [38;5;28;01mimport[39;00m [38;5;21;01msliderule[39;00m[38;5;21;01m.[39;00m[38;5;21;01mio[39;00m
[0;32m----> 7[0m [38;5;28;01mimport[39;00m [38;5;21;01msliderule[39;00m[38;5;21;01m.[39;00m[38;5;21;01mipysliderule[39;00m
[1;32m      8[0m [38;5;28;01mimport[39;00m [38;5;21;01mshapely[39;00m[38;5;21;01m.[39;00m[38;5;21;01mgeometry[39;00m
[1;32m      9[0m [38;5;28;01mimport[39;00m [38;5;21;01mowslib[39;00m[38;5;21;01m.[39;00m[38;5;21;01mwms[39;00m

File [0;32m/usr/share/miniconda3/envs/cryocloud/lib/python3.9/site-packages/sliderule/ipysliderule.py:64[0m
[1;32m     62[0m [38;5;66;03m# imports that raise error if not present[39;00m
[1;32m     63[0m [38;5;28;01mtry[39;00m:
[0;32m---> 64[0m     [38;5;28;01mimport[39;00m [38;5;21;01mipyleaflet[39;00m
[1;32m     65[0m [38;5;28;01mexcept[39;00m [38;5;167;01mModuleNotFoundError[39;00m [38;5;28;01mas[39;00m e:
[1;32m     66[0m     sys[38;5;241m.[39mstderr[38;5;241m.[39mwrite([38;5;124m"[39m[38;5;124mError: missing required packages. ([39m[38;5;132;01m%s[39;00m[38;5;124m)[39m[38;5;130;01m\n[39;00m[38;5;124m"[39m [38;5;241m%[39m ([38;5;28mstr[39m(e)))

[0;31mModuleNotFoundError[0m: No module named 'ipyleaflet'
ModuleNotFoundError: No module named 'ipyleaflet'

